Copyright 1986-2022 Xilinx, Inc. All Rights Reserved. Copyright 2022-2024 Advanced Micro Devices, Inc. All Rights Reserved.
---------------------------------------------------------------------------------------------------------------------------------------------
| Tool Version : Vivado v.2024.1 (lin64) Build 5076996 Wed May 22 18:36:09 MDT 2024
| Date         : Fri May  2 17:25:28 2025
| Host         : EQI07359 running 64-bit Ubuntu 22.04.1 LTS
| Command      : report_clock_interaction -file reports_cva6_fpga_synth/cva6_fpga.clock_interaction.rpt
| Design       : cva6_zybo_z7_20
| Device       : 7z020-clg400
| Speed File   : -1  PRODUCTION 1.12 2019-11-22
| Design State : Synthesized
---------------------------------------------------------------------------------------------------------------------------------------------

Clock Interaction Report

Clock Interaction Table
-----------------------

                                              WNS                             TNS Failing  TNS Total    WNS Path         Clock-Pair           Inter-Clock              
From Clock             To Clock               Clock Edges  WNS(ns)   TNS(ns)    Endpoints    Endpoints  Requirement(ns)  Classification       Constraints              
---------------------  ---------------------  -----------  -------  --------  -----------  -----------  ---------------  -------------------  -----------------------  
clk_out1_xlnx_clk_gen  clk_out1_xlnx_clk_gen  rise - rise    -1.72  -1061.09         1064        50974            15.62  Clean                Partial False Path       
clk_out1_xlnx_clk_gen  tck                    rise - rise    18.92      0.00            0           36            20.00  Ignored              Max Delay Datapath Only  
tck                    clk_out1_xlnx_clk_gen  rise - rise     8.73      0.00            0           43            15.62  No Common Clock      Timed (unsafe)           
tck                    tck                    rise - fall     5.02      0.00            0          453             7.81  Clean                Timed                    


